$ ls -a
./  ../  chapter1.txt

$ git init
Initialized empty Git repository in C:/Users/kinga/Desktop/Python/Udemy/day70/.git/

$ git config --global user.name "YOUR NAME"
$ git config --global user.email email@example.com
$ git status
On branch master

No commits yet

Untracked files:
  (use "git add <file>..." to include in what will be committed)
        chapter1.txt

nothing added to commit but untracked files present (use "git add" to track)

$ git add chapter1.txt 
$ git status
On branch master

No commits yet

Changes to be committed:
  (use "git rm --cached <file>..." to unstage)
        new file:   chapter1.txt

$ git commit -m "Complete Chapter 1"
[master (root-commit) 871abc6] Complete Chapter 1
 1 file changed, 1 insertion(+)
 create mode 100644 chapter1.txt

$ git log
commit 871abc6adfe5bd28a849f48aebc0ca037b008a10 (HEAD -> master)
Author: Tural Abbasov <twa001@gmail.com>
Date:   Sun Nov 3 08:43:15 2024 -0500

    Complete Chapter 1


$ git log
commit 4225bd11f2b78a886ec40badcfc2ceee1985b1b9 (HEAD -> master)
Author: Tural Abbasov <twa001@gmail.com>
Date:   Sun Nov 3 09:04:51 2024 -0500

    Chapter 2 and 3 Complete. Chapter 1 modified. Git command files first additions

commit 871abc6adfe5bd28a849f48aebc0ca037b008a10
Author: Tural Abbasov <twa001@gmail.com>
Date:   Sun Nov 3 08:43:15 2024 -0500

    Complete Chapter 1


$ git status
On branch master
Changes not staged for commit:
  (use "git add <file>..." to update what will be committed)
  (use "git restore <file>..." to discard changes in working directory)
        modified:   chapter2.txt

no changes added to commit (use "git add" and/or "git commit -a")

$ git diff chapter2.txt
warning: in the working copy of 'chapter2.txt', LF will be replaced by CRLF the next time Git touches it
diff --git a/chapter2.txt b/chapter2.txt
index d85dcf2..ffcb64a 100644
--- a/chapter2.txt
+++ b/chapter2.txt
@@ -1 +1,4 @@
- It was the age of wisdom, it was the age of foolishness. ### PREVIOUS VERSION
It was the age of mumbo jumbo, it was the age of whachamacallit.
\ No newline at end of file

$ git checkout chapter2.txt
Updated 1 path from the index

git diff chapter2.txt

### STARTED OVER WITH A NEW FOLDER AND CAUGHT UP TO THIS POINT WITH MINOR DIFFERENCES.
### NO DIFFERENCES FOR EDUCATIONAL PURPOSE

$ git status
On branch master
nothing to commit, working tree clean

$ git log
commit 43d7fa52acef3717eef592113408b1af947f67c1 (HEAD -> master)
Author: Tural Abbasov <twa001@gmail.com>
Date:   Sun Nov 3 09:56:00 2024 -0500

    Change to Chapters 1, 2 and 3

commit f586f289047aee7862ed83a17e1d7436cf21df14
Author: Tural Abbasov <twa001@gmail.com>
Date:   Sun Nov 3 09:52:55 2024 -0500

    Complete Chapters 1, 2, 3. Git basic commands file


### INITIALIZED REMOTE REPOSITORY ON GITHUB

$ git branch -M main

$ git remote add origin https://github.com/kawstwa/Story.git

$ git push -u origin main
info: please complete authentication in your browser...  # AUTHENTICATE THROUGH THE BROWSER
Enumerating objects: 11, done.
Counting objects: 100% (11/11), done.
Delta compression using up to 12 threads
Compressing objects: 100% (11/11), done.
Writing objects: 100% (11/11), 1.83 KiB | 467.00 KiB/s, done.
Total 11 (delta 1), reused 0 (delta 0), pack-reused 0 (from 0)
remote: Resolving deltas: 100% (1/1), done.
To https://github.com/kawstwa/Story.git
 * [new branch]      main -> main
branch 'main' set up to track 'origin/main'.

# IN GITHUB. CLICK ON Insights, AND CHOOSE Network. WAIT FOR THE CHANGES TO LOAD, AND YOU'LL SEE TWO SAVE POINTS
# THESE ARE YOUR SAVE POINTS FROM YOUR LOCAL REPOSITORY

git status
On branch main
Your branch is up to date with 'origin/main'.

Changes not staged for commit:
  (use "git add <file>..." to update what will be committed)
  (use "git restore <file>..." to discard changes in working directory)
        modified:   git.txt

no changes added to commit (use "git add" and/or "git commit -a")

$ git add .

$ git commit -m "Changes to the git instructions file, updating on how to navigate git"
[main 2e66f3f] Changes to the git instructions file, updating on how to navigate git
 1 file changed, 42 insertions(+)

$ git push -u origin main
Enumerating objects: 5, done.
Counting objects: 100% (5/5), done.
Delta compression using up to 12 threads
Compressing objects: 100% (3/3), done.
Writing objects: 100% (3/3), 1.09 KiB | 1.09 MiB/s, done.
Total 3 (delta 2), reused 0 (delta 0), pack-reused 0 (from 0)
remote: Resolving deltas: 100% (2/2), completed with 2 local objects.
To https://github.com/kawstwa/Story.git
   43d7fa5..2e66f3f  main -> main
branch 'main' set up to track 'origin/main'.